MAP
NAME "Jezero Landing Site"
MAXSIZE 40960
UNITS meters
EXTENT 4000000 0 4500000 500000
TRANSPARENT ON
IMAGECOLOR 255 255 255
SIZE 900 700
SHAPEPATH "/mnt/data/iaumars/mapdata"
IMAGETYPE png24
CONFIG "MS_ERRORFILE" "/mnt/data/iaumars/log/jezero-error.log"
FONTSET /usr/local/share/fonts.txt
#DEBUG 10
DEBUG 2
OUTPUTFORMAT
  NAME "geojson"
  DRIVER "OGR/GEOJSON"
  MIMETYPE "application/json"
  FORMATOPTION "STORAGE=stream"
  FORMATOPTION "FORM=SIMPLE"
END
WEB
	IMAGEPATH	"/mnt/data/iaumars/htdocs/tmp"
	IMAGEURL	"/tmp"
	LOG		"/mnt/data/iaumars/log/jezero.log"
	METADATA
                "wfs_onlineresource"        "https://maps.planet.fu-berlin.de/jez-bin/wms?"
                "wfs_srs"                   "EPSG:49911"
                "wfs_enable_request"        "* !GetCapabilities"
                "wfs_getfeature_formatlist" "geojson,application/json"
		"wfs_use_default_extent_for_getfeature" "no"
		wms_onlineresource	"https://maps.planet.fu-berlin.de/jez-bin/wms?"
		"wms_srs"	"EPSG:49911 EPSG:49901 EPSG:4326 IAU2000:49911"
		wms_enable_request "* !GetCapabilities"
		#wms_enable_request "*"
		wms_feature_info_mime_type "text/html,application/json"
	END
END
PROJECTION
    "init=epsg:49911"
END
INCLUDE 'dtm.map'
#INCLUDE 'hrsc-damos-eqc.map'
#INCLUDE 'hrsc-hmc-dtms-eqc.map'
#INCLUDE 'ua-dtms.map'
LAYER
        NAME "HiRISE-hsv"
        TYPE RASTER
        DATA hirise/hsv/JEZ_hirise_soc_006_orthoMosaic_25cm_Eqc_latTs0_lon0_first.tif
        METADATA
                "wms_abstract"    "HMC30 color mosaic pan-sharpened"
                "wms_title"     "HMC30 hsv"
                "wms_enable_request" "GetCapabilities"
        END
END #CTX-hsv
LAYER
        NAME "CTX-hsv"
        TYPE RASTER
        #DATA ctx/hsv-5500-20000/ctx-hsv-5500-20000.vrt
        DATA ctx/ctx_hsv_export.tif
        METADATA
                "wms_abstract"    "HMC30 color mosaic pan-sharpened"
                "wms_title"     "HMC30 hsv"
                "wms_enable_request" "GetCapabilities"
        END
END #CTX-hsv
LAYER
        NAME "poi"
        TYPE POINT
        DATA shapes/poi/POI.shp
        LABELITEM "name"
        CLASSITEM "name"
        CLASS
          NAME "name"
          #COLOR 0 0 0
          STYLE
            WIDTH 2
            COLOR 255 0 0
            #OPACITY 50
            SYMBOL "star-dots"
            SIZE   12
            OUTLINECOLOR 255 255 255
          END
          LABEL
            SIZE 8
            TYPE TRUETYPE
            COLOR 0 0 0
            POSITION auto
            MAXLENGTH 0
          END
        END
        METADATA
                "wms_abstract"       "HMC30 color mosaic pan-sharpened"
                "wms_title"          "HMC30 hsv"
                "wms_enable_request" "GetCapabilities"
                "wfs_title"          "poi"
                "wfs_srs"            "EPSG:49910"
                "wfs_enable_request" "*"
                "wfs_use_default_extent_for_getfeature" "no"
                "wfs_abstract"       "SRS: Martian sphere with radius 339600 (proj=eqc a=3396000 b=3396000 units=m)"
                "gml_include_items"  "all"
                "gml_featureid"      "ID"
        END
END
LAYER
        NAME "lake"
        TYPE LINE
        DATA lake-level.shp
        STATUS ON
        GEOMTRANSFORM (smoothsia(generalize([shape], 25),3,1))
        CLASS
          NAME "elevation"
          #COLOR 0 0 0
          STYLE
            WIDTH 2
            COLOR 0 0 255
            #OPACITY 50
          END
        END
        METADATA
                "wms_abstract"    "HMC30 color mosaic pan-sharpened"
                "wms_title"     "HMC30 hsv"
                "wms_enable_request" "GetCapabilities"
        END
END
LAYER
        NAME "channels"
        TYPE LINE
        DATA shapes/channels/Jezero_Channels_AN_Jan15.shp
        STATUS ON
        LABELITEM Descript
        CLASS
          NAME "channel"
          #COLOR 0 0 0
          STYLE
            WIDTH 2
            COLOR 0 0 0
            #OPACITY 50
          END
          LABEL 
            COLOR 0 0 0
            FONT "sans"
            TYPE truetype
            SIZE 10
            POSITION auto
            PARTIALS FALSE
            BUFFER 4
          END
        END
        METADATA
                "wms_abstract"    "HMC30 color mosaic pan-sharpened"
                "wms_title"     "HMC30 hsv"
                "wms_enable_request" "GetCapabilities"
        END
END #channesl
LAYER
        NAME "base-hsv"
        TYPE RASTER
        DATA basemap.vrt
        METADATA
                "wms_abstract"    "HMC30 color mosaic pan-sharpened"
                "wms_title"     "HMC30 hsv"
                "wms_enable_request" "GetCapabilities"
        END
END #HRSC-hsv
LAYER
        NAME "HRSC-hsv"
        TYPE RASTER
        #DATA hrsc/mc13e/hsv/hsv-5500-20000.vrt
        DATA hrsc/mc13e/mc13e-hsv-5500-20000.tif
        METADATA
                "wms_abstract"    "HMC30 color mosaic pan-sharpened"
                "wms_title"     "HMC30 hsv"
                "wms_enable_request" "GetCapabilities"
        END
END #HRSC-hsv
LAYER
  NAME "grid"
  METADATA
    "DESCRIPTION" "Grid"
  END
  TYPE LINE
  STATUS ON
  CLASS
    NAME "Graticule"
    COLOR 0 0 0
    LABEL
      COLOR  32 32 32
      FONT "sans"
      TYPE truetype
      SIZE 8
      POSITION ul
      PARTIALS FALSE
      BUFFER 4
      #OUTLINECOLOR 255 255 255
      OFFSET 2 2
    END
  END
  PROJECTION
    "init=epsg:49901"
  END
  GRID
    LABELFORMAT "%g°"
    MININTERVAL 1
    MINARCS 5
  END
END # Layer
LAYER
  NAME "contour1"
  GROUP "contour"
  TYPE LINE
  CONNECTIONTYPE CONTOUR
  #DATA hrsc/mc13e/HMC_13E10E20E30E40_DA5.tif
  DATA dtm/combined-dtm.vrt
  PROCESSING "BANDS=1"
  PROCESSING "CONTOUR_ITEM=elevation"
  #PROCESSING "CONTOUR_INTERVAL=28000,230000:50"
  PROCESSING "CONTOUR_INTERVAL=100"
  GEOMTRANSFORM (smoothsia(generalize([shape], 3*[data_cellsize]),3,1))
  #GEOMTRANSFORM (smoothsia([shape],3,1))
  #GEOMTRANSFORM (generalize([shape], 0.25*[data_cellsize]))
  LABELITEM "elevation"
  CLASS
    MINSCALEDENOM 24000
    STYLE
      WIDTH 1
      COLOR 255 255 255
      OPACITY 50
    END
    TEXT (tostring(([elevation]),"%.0f"))
    LABEL 
      STYLE
          GEOMTRANSFORM 'labelpnt'
          COLOR 100 100 100
          OPACITY 100
      END
      COLOR 255 255 255
      FONT "sans"
      TYPE truetype
      SIZE 10
      POSITION AUTO
      ANGLE FOLLOW
    END
  END
END #layer
LAYER
  NAME "contour3"
  GROUP "contour"
  TYPE LINE
  #CONNECTIONTYPE C
  #DATA hirise/dtm/JEZ_hirise_soc_006_DTM_MOLAtopography_DeltaGeoid_1m_Eqc_latTs0_lon0_blend40.tif
  DATA hirise/dtm/contour.shp
  LABELITEM elevation
  GEOMTRANSFORM (smoothsia(generalize([shape], 25),3,1))
  #GEOMTRANSFORM (generalize([shape], 25))
  CLASS
    MAXSCALEDENOM 24000
    STYLE
      WIDTH 1
      COLOR 255 255 255
      OPACITY 50
    END
    TEXT (tostring(([elevation]),"%.0f"))
    LABEL
      COLOR 255 255 255
      FONT "sans"
      TYPE truetype
      SIZE 8
      POSITION AUTO
      ANGLE FOLLOW
      #PARTIALS TRUE
      #BUFFER 4
      #OUTLINECOLOR 255 255 255
      #OFFSET 2 2
    END
  END
END #layer
SYMBOL
  NAME "star-dots"
  TYPE VECTOR
  FILLED TRUE
    POINTS
      0 0.375
      0.35 0.375
      0.5 0
      0.65 0.375
      1 0.375
      0.75 0.625
      0.875 1
      0.5 0.75
      0.125 1
      0.25 0.625
      0 0.375
    END
END
END #map
